MemTotal:       16345792 kB
MemFree:        13431496 kB
Buffers:          218528 kB
Cached:          1013816 kB
SwapCached:            0 kB
Active:          1661796 kB
Inactive:         839776 kB
Active(anon):    1270232 kB
Inactive(anon):     2292 kB
Active(file):     391564 kB
Inactive(file):   837484 kB
Unevictable:          16 kB
Mlocked:              16 kB
SwapTotal:       7999484 kB
SwapFree:        7999484 kB
Dirty:                40 kB
Writeback:             0 kB
AnonPages:       1269248 kB
Mapped:           236544 kB
Shmem:              3296 kB
Slab:             131344 kB
SReclaimable:      95972 kB
SUnreclaim:        35372 kB
KernelStack:        4376 kB
PageTables:        31384 kB
NFS_Unstable:          0 kB
Bounce:                0 kB
WritebackTmp:          0 kB
CommitLimit:    16172380 kB
Committed_AS:    4243140 kB
VmallocTotal:   34359738367 kB
VmallocUsed:      610564 kB
VmallocChunk:   34359120892 kB
HardwareCorrupted:     0 kB
AnonHugePages:         0 kB
HugePages_Total:       0
HugePages_Free:        0
HugePages_Rsvd:        0
HugePages_Surp:        0
Hugepagesize:       2048 kB
DirectMap4k:      167936 kB
DirectMap2M:    16525312 kB
